###############################################################################
#
# IAR ELF Linker V8.40.1.212/W32 for ARM                  01/Dec/2020  12:56:35
# Copyright 2007-2019 IAR Systems AB.
#
#    Output file  =
#        C:\Users\misty\OneDrive\Desktop\Projects\BLESensorDemo\EWARM\BLESensorDemo\Exe\BLESensorDemo.out
#    Map file     =
#        C:\Users\misty\OneDrive\Desktop\Projects\BLESensorDemo\EWARM\BLESensorDemo\List\BLESensorDemo.map
#    Command line =
#        -f C:\Users\misty\AppData\Local\Temp\EW903A.tmp
#        (C:\Users\misty\OneDrive\Desktop\Projects\BLESensorDemo\EWARM\BLESensorDemo\Obj\app_bluenrg_ms.o
#        C:\Users\misty\OneDrive\Desktop\Projects\BLESensorDemo\EWARM\BLESensorDemo\Obj\ble_list.o
#        C:\Users\misty\OneDrive\Desktop\Projects\BLESensorDemo\EWARM\BLESensorDemo\Obj\bluenrg_gap_aci.o
#        C:\Users\misty\OneDrive\Desktop\Projects\BLESensorDemo\EWARM\BLESensorDemo\Obj\bluenrg_gatt_aci.o
#        C:\Users\misty\OneDrive\Desktop\Projects\BLESensorDemo\EWARM\BLESensorDemo\Obj\bluenrg_hal_aci.o
#        C:\Users\misty\OneDrive\Desktop\Projects\BLESensorDemo\EWARM\BLESensorDemo\Obj\bluenrg_l2cap_aci.o
#        C:\Users\misty\OneDrive\Desktop\Projects\BLESensorDemo\EWARM\BLESensorDemo\Obj\bluenrg_updater_aci.o
#        C:\Users\misty\OneDrive\Desktop\Projects\BLESensorDemo\EWARM\BLESensorDemo\Obj\bluenrg_utils_small.o
#        C:\Users\misty\OneDrive\Desktop\Projects\BLESensorDemo\EWARM\BLESensorDemo\Obj\custom.o
#        C:\Users\misty\OneDrive\Desktop\Projects\BLESensorDemo\EWARM\BLESensorDemo\Obj\custom_bus.o
#        C:\Users\misty\OneDrive\Desktop\Projects\BLESensorDemo\EWARM\BLESensorDemo\Obj\gatt_db.o
#        C:\Users\misty\OneDrive\Desktop\Projects\BLESensorDemo\EWARM\BLESensorDemo\Obj\hci_le.o
#        C:\Users\misty\OneDrive\Desktop\Projects\BLESensorDemo\EWARM\BLESensorDemo\Obj\hci_tl.o
#        C:\Users\misty\OneDrive\Desktop\Projects\BLESensorDemo\EWARM\BLESensorDemo\Obj\hci_tl_interface.o
#        C:\Users\misty\OneDrive\Desktop\Projects\BLESensorDemo\EWARM\BLESensorDemo\Obj\main.o
#        C:\Users\misty\OneDrive\Desktop\Projects\BLESensorDemo\EWARM\BLESensorDemo\Obj\sensor.o
#        C:\Users\misty\OneDrive\Desktop\Projects\BLESensorDemo\EWARM\BLESensorDemo\Obj\startup_stm32f030x8.o
#        C:\Users\misty\OneDrive\Desktop\Projects\BLESensorDemo\EWARM\BLESensorDemo\Obj\stm32f0xx_hal.o
#        C:\Users\misty\OneDrive\Desktop\Projects\BLESensorDemo\EWARM\BLESensorDemo\Obj\stm32f0xx_hal_cortex.o
#        C:\Users\misty\OneDrive\Desktop\Projects\BLESensorDemo\EWARM\BLESensorDemo\Obj\stm32f0xx_hal_dma.o
#        C:\Users\misty\OneDrive\Desktop\Projects\BLESensorDemo\EWARM\BLESensorDemo\Obj\stm32f0xx_hal_exti.o
#        C:\Users\misty\OneDrive\Desktop\Projects\BLESensorDemo\EWARM\BLESensorDemo\Obj\stm32f0xx_hal_flash.o
#        C:\Users\misty\OneDrive\Desktop\Projects\BLESensorDemo\EWARM\BLESensorDemo\Obj\stm32f0xx_hal_flash_ex.o
#        C:\Users\misty\OneDrive\Desktop\Projects\BLESensorDemo\EWARM\BLESensorDemo\Obj\stm32f0xx_hal_gpio.o
#        C:\Users\misty\OneDrive\Desktop\Projects\BLESensorDemo\EWARM\BLESensorDemo\Obj\stm32f0xx_hal_i2c.o
#        C:\Users\misty\OneDrive\Desktop\Projects\BLESensorDemo\EWARM\BLESensorDemo\Obj\stm32f0xx_hal_i2c_ex.o
#        C:\Users\misty\OneDrive\Desktop\Projects\BLESensorDemo\EWARM\BLESensorDemo\Obj\stm32f0xx_hal_msp.o
#        C:\Users\misty\OneDrive\Desktop\Projects\BLESensorDemo\EWARM\BLESensorDemo\Obj\stm32f0xx_hal_pwr.o
#        C:\Users\misty\OneDrive\Desktop\Projects\BLESensorDemo\EWARM\BLESensorDemo\Obj\stm32f0xx_hal_pwr_ex.o
#        C:\Users\misty\OneDrive\Desktop\Projects\BLESensorDemo\EWARM\BLESensorDemo\Obj\stm32f0xx_hal_rcc.o
#        C:\Users\misty\OneDrive\Desktop\Projects\BLESensorDemo\EWARM\BLESensorDemo\Obj\stm32f0xx_hal_rcc_ex.o
#        C:\Users\misty\OneDrive\Desktop\Projects\BLESensorDemo\EWARM\BLESensorDemo\Obj\stm32f0xx_hal_spi.o
#        C:\Users\misty\OneDrive\Desktop\Projects\BLESensorDemo\EWARM\BLESensorDemo\Obj\stm32f0xx_hal_spi_ex.o
#        C:\Users\misty\OneDrive\Desktop\Projects\BLESensorDemo\EWARM\BLESensorDemo\Obj\stm32f0xx_hal_tim.o
#        C:\Users\misty\OneDrive\Desktop\Projects\BLESensorDemo\EWARM\BLESensorDemo\Obj\stm32f0xx_hal_tim_ex.o
#        C:\Users\misty\OneDrive\Desktop\Projects\BLESensorDemo\EWARM\BLESensorDemo\Obj\stm32f0xx_hal_uart.o
#        C:\Users\misty\OneDrive\Desktop\Projects\BLESensorDemo\EWARM\BLESensorDemo\Obj\stm32f0xx_hal_uart_ex.o
#        C:\Users\misty\OneDrive\Desktop\Projects\BLESensorDemo\EWARM\BLESensorDemo\Obj\stm32f0xx_it.o
#        C:\Users\misty\OneDrive\Desktop\Projects\BLESensorDemo\EWARM\BLESensorDemo\Obj\system_stm32f0xx.o
#        --no_out_extension -o
#        C:\Users\misty\OneDrive\Desktop\Projects\BLESensorDemo\EWARM\BLESensorDemo\Exe\BLESensorDemo.out
#        --redirect _Printf=_PrintfFullNoMb --redirect _Scanf=_ScanfFullNoMb
#        --map
#        C:\Users\misty\OneDrive\Desktop\Projects\BLESensorDemo\EWARM\BLESensorDemo\List\BLESensorDemo.map
#        --config
#        C:\Users\misty\OneDrive\Desktop\Projects\BLESensorDemo\EWARM/stm32f030x8_flash.icf
#        --semihosting --entry __iar_program_start --vfe --text_out locale)
#
###############################################################################

*******************************************************************************
*** RUNTIME MODEL ATTRIBUTES
***

CppFlavor       = *
__SystemLibrary = DLib
__dlib_version  = 6


*******************************************************************************
*** HEAP SELECTION
***

The basic heap was selected because no calls to memory allocation
functions were found in the application outside of system library
functions, and there are calls to deallocation functions in the
application.


*******************************************************************************
*** PLACEMENT SUMMARY
***

"A0":  place at address 0x800'0000 { ro section .intvec };
"P1":  place in [from 0x800'0000 to 0x800'ffff] { ro };
define block CSTACK with size = 1K, alignment = 8 { };
define block HEAP with size = 512, alignment = 8 { };
"P2":  place in [from 0x2000'0000 to 0x2000'1fff] {
          rw, block CSTACK, block HEAP };
initialize by copy { rw };

  Section            Kind         Address    Size  Object
  -------            ----         -------    ----  ------
"A0":                                        0xb4
  .intvec            ro code   0x800'0000    0xb4  startup_stm32f030x8.o [1]
                             - 0x800'00b4    0xb4

"P1":                                      0x36f4
  .text              ro code   0x800'00b4   0x704  app_bluenrg_ms.o [1]
  .text              ro code   0x800'07b8   0x224  custom.o [1]
  .text              ro code   0x800'09dc   0x2dc  hci_tl.o [1]
  .text              ro code   0x800'0cb8    0x4e  bluenrg_utils_small.o [1]
  .text              ro code   0x800'0d06   0x122  hci_le.o [1]
  .text              ro code   0x800'0e28    0x28  stm32f0xx_hal.o [1]
  .text              ro code   0x800'0e50    0xb2  bluenrg_hal_aci.o [1]
  .text              ro code   0x800'0f02   0x226  bluenrg_gatt_aci.o [1]
  .text              ro code   0x800'1128   0x29c  bluenrg_gap_aci.o [1]
  .text              ro code   0x800'13c4   0x370  gatt_db.o [1]
  .text              ro code   0x800'1734   0x110  sensor.o [1]
  .text              ro code   0x800'1844     0xc  stm32f0xx_hal.o [1]
  .text              ro code   0x800'1850   0x10c  rand.o [2]
  .text              ro code   0x800'195c    0x32  I64Mul.o [4]
  .text              ro code   0x800'198e    0x6a  I64DivMod.o [4]
  .text              ro code   0x800'19f8    0x5c  IxxToDbl.o [3]
  .text              ro code   0x800'1a54   0x1a8  DblAddSub.o [3]
  .text              ro code   0x800'1bfc    0x62  DblToFlt.o [3]
  .text              ro code   0x800'1c5e    0xb0  FltMul.o [3]
  .text              ro code   0x800'1d0e     0x2  startup_stm32f030x8.o [1]
  .text              ro code   0x800'1d10    0x3a  FltToS32.o [3]
  .text              ro code   0x800'1d4a     0x2  startup_stm32f030x8.o [1]
  .text              ro code   0x800'1d4c    0x5e  I32DivMod.o [4]
  .text              ro code   0x800'1daa     0x2  startup_stm32f030x8.o [1]
  .text              ro code   0x800'1dac   0x284  stm32f0xx_hal_gpio.o [1]
  .text              ro code   0x800'2030    0x14  memset.o [4]
  .text              ro code   0x800'2044    0x44  stm32f0xx_hal_exti.o [1]
  .text              ro code   0x800'2088    0x8c  stm32f0xx_hal_cortex.o [1]
  .text              ro code   0x800'2114    0x34  custom.o [1]
  .text              ro code   0x800'2148    0xb4  ble_list.o [1]
  .text              ro code   0x800'21fc   0x250  hci_tl_interface.o [1]
  .text              ro code   0x800'244c    0x4e  ABImemcpy.o [4]
  .text              ro code   0x800'249a     0x2  startup_stm32f030x8.o [1]
  .text              ro code   0x800'249c    0x10  ABImemset_small.o [4]
  .text              ro code   0x800'24ac    0x14  uwrite4.o [4]
  .text              ro code   0x800'24c0     0x2  I64DivZer.o [4]
  .text              ro code   0x800'24c2     0x2  startup_stm32f030x8.o [1]
  .text              ro code   0x800'24c4     0x2  IntDivZer.o [4]
  .text              ro code   0x800'24c6     0x2  startup_stm32f030x8.o [1]
  .text              ro code   0x800'24c8   0x392  stm32f0xx_hal_uart.o [1]
  .text              ro code   0x800'285a     0x2  startup_stm32f030x8.o [1]
  .text              ro code   0x800'285c   0x134  custom_bus.o [1]
  .text              ro code   0x800'2990   0x550  stm32f0xx_hal_rcc.o [1]
  .text              ro code   0x800'2ee0   0x552  stm32f0xx_hal_spi.o [1]
  .text              ro code   0x800'3432     0x2  startup_stm32f030x8.o [1]
  .text              ro code   0x800'3434    0x44  stm32f0xx_hal.o [1]
  .text              ro code   0x800'3478   0x11c  main.o [1]
  .text              ro code   0x800'3594    0x20  stm32f0xx_hal.o [1]
  .text              ro code   0x800'35b4    0x30  stm32f0xx_hal_msp.o [1]
  .text              ro code   0x800'35e4    0x3c  zero_init3.o [4]
  .text              ro code   0x800'3620    0x3c  packbits_init_single.o [4]
  .text              ro code   0x800'365c    0x2c  stm32f0xx_it.o [1]
  .text              ro code   0x800'3688    0x10  stm32f0xx_hal.o [1]
  .text              ro code   0x800'3698    0x28  data_init.o [4]
  .iar.init_table    const     0x800'36c0    0x20  - Linker created -
  .text              ro code   0x800'36e0    0x1e  cmain.o [4]
  .text              ro code   0x800'36fe     0x4  low_level_init.o [2]
  .text              ro code   0x800'3702     0x8  exit.o [2]
  .text              ro code   0x800'370a     0x2  startup_stm32f030x8.o [1]
  .text              ro code   0x800'370c     0xa  cexit.o [4]
  .text              ro code   0x800'3716     0x2  startup_stm32f030x8.o [1]
  .text              ro code   0x800'3718    0x14  exit.o [5]
  .text              ro code   0x800'372c    0x14  system_stm32f0xx.o [1]
  .text              ro code   0x800'3740    0x10  startup_stm32f030x8.o [1]
  .text              ro code   0x800'3750     0xc  cstartup_M.o [4]
  .rodata            const     0x800'375c     0x8  system_stm32f0xx.o [1]
  .text              ro code   0x800'3764     0x2  startup_stm32f030x8.o [1]
  .text              ro code   0x800'3766     0x2  startup_stm32f030x8.o [1]
  .text              ro code   0x800'3768     0x2  startup_stm32f030x8.o [1]
  .text              ro code   0x800'376a     0x2  startup_stm32f030x8.o [1]
  .text              ro code   0x800'376c     0x2  startup_stm32f030x8.o [1]
  .text              ro code   0x800'376e     0x2  startup_stm32f030x8.o [1]
  .text              ro code   0x800'3770     0x2  startup_stm32f030x8.o [1]
  .text              ro code   0x800'3772     0x2  startup_stm32f030x8.o [1]
  .text              ro code   0x800'3774     0x2  startup_stm32f030x8.o [1]
  .text              ro code   0x800'3776     0x2  startup_stm32f030x8.o [1]
  .text              ro code   0x800'3778     0x2  startup_stm32f030x8.o [1]
  .text              ro code   0x800'377a     0x2  startup_stm32f030x8.o [1]
  .text              ro code   0x800'377c     0x2  startup_stm32f030x8.o [1]
  .rodata            const     0x800'377e     0x0  zero_init3.o [4]
  .rodata            const     0x800'377e     0x0  packbits_init_single.o [4]
  Initializer bytes  const     0x800'377e    0x2a  <for P2-1>
                             - 0x800'37a8  0x36f4

"P2", part 1 of 3:                           0x40
  P2-1                        0x2000'0000    0x40  <Init block>
    .data            inited   0x2000'0000     0xa  app_bluenrg_ms.o [1]
    .data            inited   0x2000'000c     0x4  custom.o [1]
    .data            inited   0x2000'0010     0x4  custom.o [1]
    .data            inited   0x2000'0014     0x8  custom.o [1]
    .data            inited   0x2000'001c     0x4  custom.o [1]
    .data            inited   0x2000'0020     0x8  sensor.o [1]
    .data            inited   0x2000'0028     0xc  stm32f0xx_hal.o [1]
    .data            inited   0x2000'0034     0x4  system_stm32f0xx.o [1]
    .data            inited   0x2000'0038     0x8  rand.o [2]
                            - 0x2000'0040    0x40

"P2", part 2 of 3:                          0x5c8
  .bss               zero     0x2000'0040   0x2ec  hci_tl.o [1]
  .bss               zero     0x2000'032c   0x100  hci_tl_interface.o [1]
  .bss               zero     0x2000'042c    0x84  custom.o [1]
  .bss               zero     0x2000'04b0    0x84  rand.o [2]
  .bss               zero     0x2000'0534    0x68  custom_bus.o [1]
  .bss               zero     0x2000'059c    0x2c  gatt_db.o [1]
  .bss               zero     0x2000'05c8     0xc  sensor.o [1]
  .bss               zero     0x2000'05d4     0xc  sensor.o [1]
  .bss               zero     0x2000'05e0     0xc  sensor.o [1]
  .bss               zero     0x2000'05ec     0xc  sensor.o [1]
  .bss               zero     0x2000'05f8     0x8  hci_tl_interface.o [1]
  .bss               zero     0x2000'0600     0x4  app_bluenrg_ms.o [1]
  .bss               zero     0x2000'0604     0x1  app_bluenrg_ms.o [1]
                            - 0x2000'0605   0x5c5

"P2", part 3 of 3:                          0x400
  CSTACK                      0x2000'0608   0x400  <Block>
    CSTACK           uninit   0x2000'0608   0x400  <Block tail>
                            - 0x2000'0a08   0x400

Unused ranges:

         From           To    Size
         ----           --    ----
   0x800'37a8   0x800'ffff  0xc858
  0x2000'0a08  0x2000'1fff  0x15f8


*******************************************************************************
*** INIT TABLE
***

          Address      Size
          -------      ----
Zero (__iar_zero_init3)
    1 destination range, total size 0x5c5:
          0x2000'0040  0x5c5

Copy/packbits (__iar_packbits_init_single3)
    1 source range, total size 0x2a (65% of destination):
           0x800'377e   0x2a
    1 destination range, total size 0x40:
          0x2000'0000   0x40



*******************************************************************************
*** MODULE SUMMARY
***

    Module                  ro code  ro data  rw data
    ------                  -------  -------  -------
command line/config:
    -------------------------------------------------
    Total:

C:\Users\misty\OneDrive\Desktop\Projects\BLESensorDemo\EWARM\BLESensorDemo\Obj: [1]
    app_bluenrg_ms.o          1'796        6       15
    ble_list.o                  180
    bluenrg_gap_aci.o           668
    bluenrg_gatt_aci.o          550
    bluenrg_hal_aci.o           178
    bluenrg_utils_small.o        78
    custom.o                    600       15      152
    custom_bus.o                308               104
    gatt_db.o                   880                44
    hci_le.o                    290
    hci_tl.o                    732               748
    hci_tl_interface.o          592               264
    main.o                      284
    sensor.o                    272        5       56
    startup_stm32f030x8.o       242
    stm32f0xx_hal.o             168        8       12
    stm32f0xx_hal_cortex.o      140
    stm32f0xx_hal_exti.o         68
    stm32f0xx_hal_gpio.o        644
    stm32f0xx_hal_msp.o          48
    stm32f0xx_hal_rcc.o       1'360
    stm32f0xx_hal_spi.o       1'362
    stm32f0xx_hal_uart.o        914
    stm32f0xx_it.o               44
    system_stm32f0xx.o           20       10        4
    -------------------------------------------------
    Total:                   12'418       44    1'399

dl6M_tlf.a: [2]
    exit.o                        8
    low_level_init.o              4
    rand.o                      268        6      140
    -------------------------------------------------
    Total:                      280        6      140

m6M_tl.a: [3]
    DblAddSub.o                 424
    DblToFlt.o                   98
    FltMul.o                    176
    FltToS32.o                   58
    IxxToDbl.o                   92
    -------------------------------------------------
    Total:                      848

rt6M_tl.a: [4]
    ABImemcpy.o                  78
    ABImemset_small.o            16
    I32DivMod.o                  94
    I64DivMod.o                 106
    I64DivZer.o                   2
    I64Mul.o                     50
    IntDivZer.o                   2
    cexit.o                      10
    cmain.o                      30
    cstartup_M.o                 12
    data_init.o                  40
    memset.o                     20
    packbits_init_single.o       60
    uwrite4.o                    20
    zero_init3.o                 60
    -------------------------------------------------
    Total:                      600

shb_l.a: [5]
    exit.o                       20
    -------------------------------------------------
    Total:                       20

    Gaps                                            2
    Linker created                        32    1'024
-----------------------------------------------------
    Grand Total:             14'166       82    2'565


*******************************************************************************
*** ENTRY LIST
***

Entry                       Address   Size  Type      Object
-----                       -------   ----  ----      ------
.iar.init_table$$Base    0x800'36c0          --   Gb  - Linker created -
.iar.init_table$$Limit   0x800'36e0          --   Gb  - Linker created -
?main                    0x800'36e1         Code  Gb  cmain.o [4]
AHBPrescTable            0x800'3730   0x10  Data  Gb  system_stm32f0xx.o [1]
APBPrescTable            0x800'375c    0x8  Data  Gb  system_stm32f0xx.o [1]
AccGyroMagCharHandle    0x2000'05a0    0x2  Data  Gb  gatt_db.o [1]
Acc_Update               0x800'153d   0x9a  Code  Gb  gatt_db.o [1]
Add_HWServW2ST_Service   0x800'13c5   0xd4  Code  Gb  gatt_db.o [1]
Add_SWServW2ST_Service   0x800'1499   0xa4  Code  Gb  gatt_db.o [1]
BSP_COM_Init             0x800'090d   0x8e  Code  Gb  custom.o [1]
BSP_GetTick              0x800'2941    0x8  Code  Gb  custom_bus.o [1]
BSP_LED_Init             0x800'07b9   0x10  Code  Gb  custom.o [1]
BSP_LED_Init::LedGpioInit
                         0x800'09c8    0x4  Data  Lc  custom.o [1]
BSP_LED_Toggle           0x800'07c9   0x18  Code  Gb  custom.o [1]
BSP_PB_Callback          0x800'07a1    0x8  Code  Gb  app_bluenrg_ms.o [1]
BSP_PB_GetState          0x800'089d    0xc  Code  Gb  custom.o [1]
BSP_PB_Init              0x800'0835   0x68  Code  Gb  custom.o [1]
BSP_PB_Init::BSP_BUTTON_PRIO
                         0x800'09d0    0x4  Data  Lc  custom.o [1]
BSP_PB_Init::BUTTON_EXTI_LINE
                         0x800'09d4    0x4  Data  Lc  custom.o [1]
BSP_PB_Init::ButtonCallback
                         0x800'09cc    0x4  Data  Lc  custom.o [1]
BSP_PB_Init::ButtonGpioInit
                         0x800'09d8    0x4  Data  Lc  custom.o [1]
BSP_SPI1_Init            0x800'285d   0xb2  Code  Gb  custom_bus.o [1]
BSP_SPI1_SendRecv        0x800'290f   0x22  Code  Gb  custom_bus.o [1]
BUTTON_IRQn              0x800'09c4    0x1  Data  Lc  custom.o [1]
BUTTON_PIN               0x800'09c0    0x2  Data  Lc  custom.o [1]
BUTTON_PORT             0x2000'0010    0x4  Data  Lc  custom.o [1]
BUTTON_USER_EXTI_Callback
                         0x800'08b9    0xa  Code  Lc  custom.o [1]
BUTTON_USER_GPIO_Init    0x800'08c3   0x42  Code  Lc  custom.o [1]
BlueMS_Environmental_Update
                         0x800'16c5   0x48  Code  Gb  gatt_db.o [1]
COM_USART               0x2000'001c    0x4  Data  Gb  custom.o [1]
CSTACK$$Base            0x2000'0608          --   Gb  - Linker created -
CSTACK$$Limit           0x2000'0a08          --   Gb  - Linker created -
EXTI0_1_IRQHandler       0x800'366d    0xa  Code  Gb  stm32f0xx_it.o [1]
EXTI4_15_IRQHandler      0x800'3677    0xa  Code  Gb  stm32f0xx_it.o [1]
EnvironmentalCharHandle
                        0x2000'059e    0x2  Data  Gb  gatt_db.o [1]
GAP_ConnectionComplete_CB
                         0x800'180b    0xa  Code  Gb  sensor.o [1]
GAP_DisconnectionComplete_CB
                         0x800'17fd    0xe  Code  Gb  sensor.o [1]
HAL_Delay                0x800'0e29   0x28  Code  Wk  stm32f0xx_hal.o [1]
HAL_EXTI_GetHandle       0x800'2055    0xe  Code  Gb  stm32f0xx_hal_exti.o [1]
HAL_EXTI_IRQHandler      0x800'2063   0x22  Code  Gb  stm32f0xx_hal_exti.o [1]
HAL_EXTI_RegisterCallback
                         0x800'2045   0x10  Code  Gb  stm32f0xx_hal_exti.o [1]
HAL_GPIO_DeInit          0x800'1f21   0xd0  Code  Gb  stm32f0xx_hal_gpio.o [1]
HAL_GPIO_Init            0x800'1dad  0x174  Code  Gb  stm32f0xx_hal_gpio.o [1]
HAL_GPIO_ReadPin         0x800'1ff1    0xc  Code  Gb  stm32f0xx_hal_gpio.o [1]
HAL_GPIO_TogglePin       0x800'2009   0x10  Code  Gb  stm32f0xx_hal_gpio.o [1]
HAL_GPIO_WritePin        0x800'1ffd    0xc  Code  Gb  stm32f0xx_hal_gpio.o [1]
HAL_GetTick              0x800'1845    0xc  Code  Wk  stm32f0xx_hal.o [1]
HAL_IncTick              0x800'3689   0x10  Code  Wk  stm32f0xx_hal.o [1]
HAL_Init                 0x800'3595   0x1a  Code  Gb  stm32f0xx_hal.o [1]
HAL_InitTick             0x800'3435   0x44  Code  Wk  stm32f0xx_hal.o [1]
HAL_MspInit              0x800'35b5   0x30  Code  Gb  stm32f0xx_hal_msp.o [1]
HAL_NVIC_EnableIRQ       0x800'20cb   0x12  Code  Gb  stm32f0xx_hal_cortex.o [1]
HAL_NVIC_SetPriority     0x800'20c3    0x8  Code  Gb  stm32f0xx_hal_cortex.o [1]
HAL_RCC_ClockConfig      0x800'2d41   0xfc  Code  Gb  stm32f0xx_hal_rcc.o [1]
HAL_RCC_GetPCLK1Freq     0x800'2e7f   0x14  Code  Gb  stm32f0xx_hal_rcc.o [1]
HAL_RCC_GetSysClockFreq
                         0x800'2e45   0x3a  Code  Gb  stm32f0xx_hal_rcc.o [1]
HAL_RCC_GetSysClockFreq::aPLLMULFactorTable
                         0x800'2ec0   0x10  Data  Lc  stm32f0xx_hal_rcc.o [1]
HAL_RCC_GetSysClockFreq::aPredivFactorTable
                         0x800'2ed0   0x10  Data  Lc  stm32f0xx_hal_rcc.o [1]
HAL_RCC_OscConfig        0x800'2991  0x3a4  Code  Gb  stm32f0xx_hal_rcc.o [1]
HAL_SPI_GetState         0x800'3239    0x6  Code  Gb  stm32f0xx_hal_spi.o [1]
HAL_SPI_Init             0x800'2ee1  0x104  Code  Gb  stm32f0xx_hal_spi.o [1]
HAL_SPI_TransmitReceive
                         0x800'2fe9  0x246  Code  Gb  stm32f0xx_hal_spi.o [1]
HAL_SYSTICK_Config       0x800'20dd   0x28  Code  Gb  stm32f0xx_hal_cortex.o [1]
HAL_UART_Init            0x800'24c9   0x56  Code  Gb  stm32f0xx_hal_uart.o [1]
HCI_TL_SPI_DeInit        0x800'2259   0x24  Code  Gb  hci_tl_interface.o [1]
HCI_TL_SPI_Init          0x800'21fd   0x5c  Code  Gb  hci_tl_interface.o [1]
HCI_TL_SPI_Receive       0x800'22b5   0x7c  Code  Gb  hci_tl_interface.o [1]
HCI_TL_SPI_Reset         0x800'227d   0x38  Code  Gb  hci_tl_interface.o [1]
HCI_TL_SPI_Send          0x800'2331   0x76  Code  Gb  hci_tl_interface.o [1]
HCI_TL_SPI_Send::read_char_buf
                        0x2000'032c  0x100  Data  Lc  hci_tl_interface.o [1]
HWServW2STHandle        0x2000'059c    0x2  Data  Gb  gatt_db.o [1]
HardFault_Handler        0x800'365f    0x2  Code  Gb  stm32f0xx_it.o [1]
LED_PIN                  0x800'09bc    0x2  Data  Lc  custom.o [1]
LED_PORT                0x2000'000c    0x4  Data  Lc  custom.o [1]
LED_USER_GPIO_Init       0x800'07e1   0x52  Code  Lc  custom.o [1]
MX_BlueNRG_MS_Init       0x800'00b5   0xf2  Code  Gb  app_bluenrg_ms.o [1]
MX_BlueNRG_MS_Process    0x800'01bd  0x5e4  Code  Gb  app_bluenrg_ms.o [1]
NMI_Handler              0x800'365d    0x2  Code  Gb  stm32f0xx_it.o [1]
PendSV_Handler           0x800'3663    0x2  Code  Gb  stm32f0xx_it.o [1]
Quat_Update              0x800'15d7   0x4e  Code  Gb  gatt_db.o [1]
QuaternionsCharHandle   0x2000'05a4    0x2  Data  Gb  gatt_db.o [1]
Read_Request_CB          0x800'1625   0xa0  Code  Gb  gatt_db.o [1]
Region$$Table$$Base      0x800'36c0          --   Gb  - Linker created -
Region$$Table$$Limit     0x800'36e0          --   Gb  - Linker created -
SPI1InitCounter         0x2000'0598    0x4  Data  Lc  custom_bus.o [1]
SPI_EndRxTxTransaction   0x800'33e5   0x4c  Code  Lc  stm32f0xx_hal_spi.o [1]
SPI_WaitFifoStateUntilTimeout
                         0x800'3305   0xd8  Code  Lc  stm32f0xx_hal_spi.o [1]
SPI_WaitFlagStateUntilTimeout
                         0x800'323f   0xc6  Code  Lc  stm32f0xx_hal_spi.o [1]
SVC_Handler              0x800'3661    0x2  Code  Gb  stm32f0xx_it.o [1]
SWServW2STHandle        0x2000'05a2    0x2  Data  Gb  gatt_db.o [1]
Set_DeviceConnectable    0x800'1735   0x6e  Code  Gb  sensor.o [1]
Set_DeviceConnectable::local_name
                         0x800'1820    0x8  Data  Lc  sensor.o [1]
SysTick_Handler          0x800'3665    0x8  Code  Gb  stm32f0xx_it.o [1]
SystemClock_Config       0x800'3541   0x54  Code  Gb  main.o [1]
SystemCoreClock         0x2000'0034    0x4  Data  Gb  system_stm32f0xx.o [1]
SystemInit               0x800'372d    0x2  Code  Gb  system_stm32f0xx.o [1]
UART_AdvFeatureConfig    0x800'263f   0xc8  Code  Gb  stm32f0xx_hal_uart.o [1]
UART_CheckIdleState      0x800'270d   0x60  Code  Gb  stm32f0xx_hal_uart.o [1]
UART_SetConfig           0x800'2535  0x10a  Code  Gb  stm32f0xx_hal_uart.o [1]
UART_WaitOnFlagUntilTimeout
                         0x800'277d   0xa2  Code  Gb  stm32f0xx_hal_uart.o [1]
User_Process::counter   0x2000'0600    0x4  Data  Lc  app_bluenrg_ms.o [1]
_Rand_idx               0x2000'0530    0x4  Data  Lc  rand.o [2]
_Rand_rv                0x2000'04b0   0x80  Data  Lc  rand.o [2]
_Randinit               0x2000'0038    0x1  Data  Gb  rand.o [2]
_Randseed               0x2000'003c    0x4  Data  Gb  rand.o [2]
__ICFEDIT_region_RAM_end__ {Abs}
                        0x2000'1fff         Data  Gb  <internal module>
__ICFEDIT_region_RAM_start__ {Abs}
                        0x2000'0000         Data  Gb  <internal module>
__NVIC_SetPriority       0x800'2089   0x3a  Code  Lc  stm32f0xx_hal_cortex.o [1]
__aeabi_d2f              0x800'1bfd         Code  Gb  DblToFlt.o [3]
__aeabi_dadd             0x800'1a55         Code  Gb  DblAddSub.o [3]
__aeabi_f2iz             0x800'1d11         Code  Gb  FltToS32.o [3]
__aeabi_fmul             0x800'1c5f         Code  Gb  FltMul.o [3]
__aeabi_idiv0            0x800'24c5         Code  Gb  IntDivZer.o [4]
__aeabi_ldiv0            0x800'24c1         Code  Gb  I64DivZer.o [4]
__aeabi_lmul             0x800'195d         Code  Gb  I64Mul.o [4]
__aeabi_memcpy           0x800'2481         Code  Gb  ABImemcpy.o [4]
__aeabi_memcpy4          0x800'244d         Code  Gb  ABImemcpy.o [4]
__aeabi_memcpy8          0x800'244d         Code  Gb  ABImemcpy.o [4]
__aeabi_ui2d             0x800'1a35         Code  Gb  IxxToDbl.o [3]
__aeabi_ul2d             0x800'19f9         Code  Gb  IxxToDbl.o [3]
__aeabi_uldivmod         0x800'198f         Code  Gb  I64DivMod.o [4]
__aeabi_uwrite4          0x800'24ad         Code  Gb  uwrite4.o [4]
__cmain                  0x800'36e1         Code  Gb  cmain.o [4]
__exit                   0x800'3719   0x14  Code  Gb  exit.o [5]
__iar_Memcpy             0x800'248d         Code  Gb  ABImemcpy.o [4]
__iar_data_init3         0x800'3699   0x28  Code  Gb  data_init.o [4]
__iar_packbits_init_single3
                         0x800'3621   0x3c  Code  Gb  packbits_init_single.o [4]
__iar_program_start      0x800'3751         Code  Gb  cstartup_M.o [4]
__iar_small_Memset4_word
                         0x800'24a1         Code  Gb  ABImemset_small.o [4]
__iar_small_Memset_word
                         0x800'24a1         Code  Gb  ABImemset_small.o [4]
__iar_small_idiv         0x800'1d4d         Code  Gb  I32DivMod.o [4]
__iar_small_idivmod      0x800'1d4d         Code  Gb  I32DivMod.o [4]
__iar_small_memclr       0x800'249d         Code  Gb  ABImemset_small.o [4]
__iar_small_memclr4      0x800'249d         Code  Gb  ABImemset_small.o [4]
__iar_small_memclr8      0x800'249d         Code  Gb  ABImemset_small.o [4]
__iar_small_memset       0x800'24a1         Code  Gb  ABImemset_small.o [4]
__iar_small_memset4      0x800'24a1         Code  Gb  ABImemset_small.o [4]
__iar_small_memset8      0x800'24a1         Code  Gb  ABImemset_small.o [4]
__iar_small_uidiv        0x800'1d75         Code  Gb  I32DivMod.o [4]
__iar_small_uidivmod     0x800'1d75         Code  Gb  I32DivMod.o [4]
__iar_zero_init3         0x800'35e5   0x3c  Code  Gb  zero_init3.o [4]
__low_level_init         0x800'36ff    0x4  Code  Gb  low_level_init.o [2]
__vector_table           0x800'0000         Data  Gb  startup_stm32f030x8.o [1]
_call_main               0x800'36ed         Code  Gb  cmain.o [4]
_exit                    0x800'370d         Code  Gb  cexit.o [4]
_main                    0x800'36fb         Code  Gb  cmain.o [4]
aci_gap_init_IDB04A1     0x800'11ab   0x7e  Code  Gb  bluenrg_gap_aci.o [1]
aci_gap_init_IDB05A1     0x800'1129   0x82  Code  Gb  bluenrg_gap_aci.o [1]
aci_gap_set_auth_requirement
                         0x800'12f9   0x76  Code  Gb  bluenrg_gap_aci.o [1]
aci_gap_set_discoverable
                         0x800'1229   0xd0  Code  Gb  bluenrg_gap_aci.o [1]
aci_gap_update_adv_data
                         0x800'136f   0x56  Code  Gb  bluenrg_gap_aci.o [1]
aci_gatt_add_char        0x800'0f9d   0xba  Code  Gb  bluenrg_gatt_aci.o [1]
aci_gatt_add_serv        0x800'0f1b   0x82  Code  Gb  bluenrg_gatt_aci.o [1]
aci_gatt_allow_read      0x800'1103   0x26  Code  Gb  bluenrg_gatt_aci.o [1]
aci_gatt_init            0x800'0f03   0x18  Code  Gb  bluenrg_gatt_aci.o [1]
aci_gatt_update_char_value
                         0x800'1057   0x7c  Code  Gb  bluenrg_gatt_aci.o [1]
aci_hal_read_config_data
                         0x800'0e51   0x66  Code  Gb  bluenrg_hal_aci.o [1]
aci_hal_set_tx_power_level
                         0x800'0eb7   0x2a  Code  Gb  bluenrg_hal_aci.o [1]
bdaddr                  0x2000'0000    0x8  Data  Gb  app_bluenrg_ms.o [1]
bnrg_expansion_board    0x2000'0008    0x1  Data  Gb  app_bluenrg_ms.o [1]
char_uuid               0x2000'05b8   0x10  Data  Gb  gatt_db.o [1]
connected               0x2000'0024    0x4  Data  Gb  sensor.o [1]
connection_handle       0x2000'0022    0x2  Data  Gb  sensor.o [1]
exit                     0x800'3703    0x8  Code  Gb  exit.o [2]
g_axes                  0x2000'05d4    0xc  Data  Gb  sensor.o [1]
getBlueNRGVersion        0x800'0cb9   0x4e  Code  Gb  bluenrg_utils_small.o [1]
hciContext              0x2000'0040   0x20  Data  Lc  hci_tl.o [1]
hciReadPacketBuffer     0x2000'0070  0x2bc  Data  Lc  hci_tl.o [1]
hciReadPktPool          0x2000'0060    0x8  Data  Gb  hci_tl.o [1]
hciReadPktRxQueue       0x2000'0068    0x8  Data  Gb  hci_tl.o [1]
hci_init                 0x800'0a01   0x4e  Code  Gb  hci_tl.o [1]
hci_le_read_local_version
                         0x800'0d25   0x7c  Code  Gb  hci_le.o [1]
hci_le_set_scan_resp_data
                         0x800'0da1   0x36  Code  Gb  hci_le.o [1]
hci_notify_asynch_evt    0x800'0c45   0x66  Code  Gb  hci_tl.o [1]
hci_register_io_bus      0x800'0a4f   0x18  Code  Gb  hci_tl.o [1]
hci_reset                0x800'0d07   0x1e  Code  Gb  hci_le.o [1]
hci_send_req             0x800'0a67  0x1a6  Code  Gb  hci_tl.o [1]
hci_tl_lowlevel_init     0x800'23a7   0x4c  Code  Gb  hci_tl_interface.o [1]
hci_tl_lowlevel_isr      0x800'2421   0x1c  Code  Gb  hci_tl_interface.o [1]
hci_user_evt_proc        0x800'0c0d   0x38  Code  Gb  hci_tl.o [1]
hcom_uart               0x2000'042c   0x84  Data  Gb  custom.o [1]
hexti0                  0x2000'05f8    0x8  Data  Gb  hci_tl_interface.o [1]
hpb_exti                0x2000'0014    0x8  Data  Gb  custom.o [1]
hspi1                   0x2000'0534   0x64  Data  Gb  custom_bus.o [1]
list_get_size            0x800'21dd   0x18  Code  Gb  ble_list.o [1]
list_init_head           0x800'2149    0x6  Code  Gb  ble_list.o [1]
list_insert_head         0x800'2167   0x14  Code  Gb  ble_list.o [1]
list_insert_tail         0x800'217b   0x14  Code  Gb  ble_list.o [1]
list_is_empty            0x800'214f   0x18  Code  Gb  ble_list.o [1]
list_remove_head         0x800'21a7   0x12  Code  Gb  ble_list.o [1]
list_remove_node         0x800'218f   0x18  Code  Gb  ble_list.o [1]
list_remove_tail         0x800'21b9   0x10  Code  Gb  ble_list.o [1]
m_axes                  0x2000'05e0    0xc  Data  Gb  sensor.o [1]
main                     0x800'3479   0xc0  Code  Gb  main.o [1]
memset                   0x800'2031   0x14  Code  Gb  memset.o [4]
move_list                0x800'09dd   0x24  Code  Lc  hci_tl.o [1]
notification_enabled    0x2000'0021    0x1  Data  Gb  sensor.o [1]
q_axes                  0x2000'05ec    0xc  Data  Gb  sensor.o [1]
rand                     0x800'1851   0xec  Code  Gb  rand.o [2]
service_uuid            0x2000'05a8   0x10  Data  Gb  gatt_db.o [1]
set_connectable         0x2000'0020    0x1  Data  Gb  sensor.o [1]
srand                    0x800'193d    0xa  Code  Gb  rand.o [2]
user_button_init_state  0x2000'0009    0x1  Data  Lc  app_bluenrg_ms.o [1]
user_button_pressed     0x2000'0604    0x1  Data  Lc  app_bluenrg_ms.o [1]
user_notify              0x800'17a3   0x5a  Code  Gb  sensor.o [1]
uwTick                  0x2000'002c    0x4  Data  Gb  stm32f0xx_hal.o [1]
uwTickFreq              0x2000'0028    0x1  Data  Gb  stm32f0xx_hal.o [1]
uwTickPrio              0x2000'0030    0x4  Data  Gb  stm32f0xx_hal.o [1]
x_axes                  0x2000'05c8    0xc  Data  Gb  sensor.o [1]


[1] = C:\Users\misty\OneDrive\Desktop\Projects\BLESensorDemo\EWARM\BLESensorDemo\Obj
[2] = dl6M_tlf.a
[3] = m6M_tl.a
[4] = rt6M_tl.a
[5] = shb_l.a

  14'166 bytes of readonly  code memory
      82 bytes of readonly  data memory
   2'565 bytes of readwrite data memory

Errors: none
Warnings: none
